Testing URL: postgresql://postgres.mrqzlmkdhzwvbpljikjz:Guiliababy21%23@aws-1-eu-west-3.pooler.supabase.com:5432/postgres
node : C:\Users\eltig\OneDrive\Docu
ments\syklicollege\node_modules\@pr
isma\client\runtime\client.js:66
At line:1 char:1
+ node test-db.js > test_log.txt 
2>&1
+ 
~~~~~~~~~~~~~~~~~~~~~~~~~~~~~~~~~~~
    + CategoryInfo          : NotS 
   pecified: (C:\Users\eltig\...m  
  e\client.js:66:String) [], Rem   
 oteException
    + FullyQualifiedErrorId : Nati 
   veCommandError
 
Read more at https://pris.ly/d/clie
nt-constructor`),this.name="PrismaC
lientConstructorValidationError"}ge
t[Symbol.toStringTag](){return"Pris
maClientConstructorValidationError"
}};lt(S,"PrismaClientConstructorVal
idationError");var pl=["errorFormat
","adapter","accelerateUrl","log","
transactionOptions","omit","comment
s","__internal"],dl=["pretty","colo
rless","minimal"],ml=["info","query
","warn","error"],$d={adapter:()=>{
},accelerateUrl:e=>{if(e!==void 
0){if(typeof e!="string")throw new 
S(`Invalid value 
${JSON.stringify(e)} for 
"accelerateUrl" provided to 
PrismaClient constructor.`);if(e.tr
im().length===0)throw new 
S('"accelerateUrl" provided to 
PrismaClient constructor must be a 
non-empty string.')}},errorFormat:e
=>{if(e){if(typeof 
e!="string")throw new S(`Invalid 
value ${JSON.stringify(e)} for 
"errorFormat" provided to 
PrismaClient constructor.`);if(!dl.
includes(e)){let t=Nt(e,dl);throw 
new S(`Invalid errorFormat ${e} 
provided to PrismaClient constructo
r.${t}`)}}},log:e=>{if(!e)return;if
(!Array.isArray(e))throw new 
S(`Invalid value 
${JSON.stringify(e)} for "log" 
provided to PrismaClient 
constructor.`);function 
t(r){if(typeof 
r=="string"&&!ml.includes(r)){let 
n=Nt(r,ml);throw new S(`Invalid 
log level "${r}" provided to 
PrismaClient 
constructor.${n}`)}}for(let r of 
e){t(r);let 
n={level:t,emit:i=>{let o=["stdout"
,"event"];if(!o.includes(i)){let 
s=Nt(i,o);throw new S(`Invalid 
value ${JSON.stringify(i)} for 
"emit" in logLevel provided to 
PrismaClient 
constructor.${s}`)}}};if(r&&typeof 
r=="object")for(let[i,o]of Object.e
ntries(r))if(n[i])n[i](o);else 
throw new S(`Invalid property ${i} 
for "log" provided to PrismaClient 
constructor`)}},transactionOptions:
e=>{if(!e)return;let 
t=e.maxWait;if(t!=null&&t<=0)throw 
new S(`Invalid value ${t} for 
maxWait in "transactionOptions" 
provided to PrismaClient 
constructor. maxWait needs to be 
greater than 0`);let 
r=e.timeout;if(r!=null&&r<=0)throw 
new S(`Invalid value ${r} for 
timeout in "transactionOptions" 
provided to PrismaClient 
constructor. timeout needs to be 
greater than 
0`)},omit:(e,t)=>{if(typeof 
e!="object")throw new S('"omit" 
option is expected to be an 
object.');if(e===null)throw new 
S('"omit" option can not be 
`null`');let r=[];for(let[n,i]of 
Object.entries(e)){let o=Ud(n,t.run
timeDataModel);if(!o){r.push({kind:
"UnknownModel",modelKey:n});continu
e}for(let[s,a]of 
Object.entries(i)){let l=o.fields.f
ind(c=>c.name===s);if(!l){r.push({k
ind:"UnknownField",modelKey:n,field
Name:s});continue}if(l.relationName
){r.push({kind:"RelationInOmit",mod
elKey:n,fieldName:s});continue}type
of a!="boolean"&&r.push({kind:"Inva
lidFieldValue",modelKey:n,fieldName
:s})}}if(r.length>0)throw new S(jd(
e,r))},comments:e=>{if(e!==void 
0){if(!Array.isArray(e))throw new 
S(`Invalid value 
${JSON.stringify(e)} for 
"comments" provided to 
PrismaClient constructor. Expected 
an array of SQL commenter 
plugins.`);for(let 
t=0;t<e.length;t++)if(typeof 
e[t]!="function")throw new 
S(`Invalid value at index ${t} for 
"comments" provided to 
PrismaClient constructor. Each 
plugin must be a function.`)}},__in
ternal:e=>{if(!e)return;let t=["deb
ug","engine","configOverride"];if(t
ypeof e!="object")throw new 
S(`Invalid value 
${JSON.stringify(e)} for 
"__internal" to PrismaClient 
constructor`);for(let[r]of Object.e
ntries(e))if(!t.includes(r)){let 
n=Nt(r,t);throw new S(`Invalid 
property ${JSON.stringify(r)} for 
"__internal" provided to 
PrismaClient 
constructor.${n}`)}}};function 
qd(e){let t=e.adapter!==void 
0,r=e.accelerateUrl!==void 
0;if(t&&r)throw new S('The 
"adapter" and "accelerateUrl" 
options are mutually exclusive. 
Please provide only one of 
them.');if(!t&&!r)throw new 
S('Using engine type "client" 
requires either "adapter" or 
"accelerateUrl" to be provided to 
PrismaClient 
constructor.')}function 
yl(e,t){for(let[r,n]of Object.entri
es(e)){if(!pl.includes(r)){let 
i=Nt(r,pl);throw new S(`Unknown 
property ${r} provided to 
PrismaClient constructor.${i}`)}$d[
r](n,t)}qd(e)}function 
Nt(e,t){if(t.length===0||typeof 
e!="string")return"";let 
r=Vd(e,t);return r?` Did you mean 
"${r}"?`:""}function 
Vd(e,t){if(t.length===0)return 
null;let r=t.map(i=>({value:i,dista
nce:(0,gl.default)(e,i)}));r.sort((
i,o)=>i.distance<o.distance?-1:1);l
et n=r[0];return 
n.distance<3?n.value:null}function 
Ud(e,t){return fl(t.models,e)??fl(t
.types,e)}function fl(e,t){let r=Ob
ject.keys(e).find(n=>oe(n)===t);if(
r)return e[r]}function jd(e,t){let 
r=Ne(e);for(let o of t)switch(o.kin
d){case"UnknownModel":r.arguments.g
etField(o.modelKey)?.markAsError(),
r.addErrorMessage(()=>`Unknown 
model name: ${o.modelKey}.`);break;
case"UnknownField":r.arguments.getD
eepField([o.modelKey,o.fieldName])?
.markAsError(),r.addErrorMessage(()
=>`Model "${o.modelKey}" does not 
have a field named "${o.fieldName}"
.`);break;case"RelationInOmit":r.ar
guments.getDeepField([o.modelKey,o.
fieldName])?.markAsError(),r.addErr
orMessage(()=>'Relations are 
already excluded by default and 
can not be specified in "omit".');b
reak;case"InvalidFieldValue":r.argu
ments.getDeepFieldValue([o.modelKey
,o.fieldName])?.markAsError(),r.add
ErrorMessage(()=>"Omit field 
option value must be a boolean.");b
reak}let{message:n,args:i}=tr(r,"co
lorless");return`Error validating 
"omit" option:
                                   
                                   
                                   
                                   
                                   
                                   
                                   
                                   
                                   
                                   
                                   
                                   
                                   
                                   
                                   
                                   
                                   
                                   
                                   
                                   
                                   
                                   
                                   
                                   
                                   
                                   
                                   
                                   
                                   
     

PrismaClientConstructorValidationEr
ror: Unknown property 
datasourceUrl provided to 
PrismaClient constructor.
Read more at https://pris.ly/d/clie
nt-constructor
    at yl (C:\Users\eltig\OneDrive\
Documents\syklicollege\node_modules
\@prisma\client\runtime\client.js:6
6:3832)
    at new t (C:\Users\eltig\OneDri
ve\Documents\syklicollege\node_modu
les\@prisma\client\runtime\client.j
s:70:1241)
    at Object.<anonymous> (C:\Users
\eltig\OneDrive\Documents\syklicoll
ege\test-db.js:8:16)
    at Module._compile (node:intern
al/modules/cjs/loader:1761:14)
    at Object..js (node:internal/mo
dules/cjs/loader:1893:10)
    at Module.load (node:internal/m
odules/cjs/loader:1481:32)
    at Module._load (node:internal/
modules/cjs/loader:1300:12)
    at TracingChannel.traceSync 
(node:diagnostics_channel:328:14)
    at wrapModuleLoad (node:interna
l/modules/cjs/loader:245:24)
    at 
Module.executeUserEntryPoint [as 
runMain] (node:internal/modules/run
_main:154:5)

Node.js v24.11.1
